// Jest Snapshot v1, https://goo.gl/fbAQLP

exports[`<Logo /> should render correctly 1`] = `
<div
  className="logo"
>
  E-lib
</div>
`;
