// Jest Snapshot v1, https://goo.gl/fbAQLP

exports[`<Home /> should render correctly 1`] = `
<div
  className="main"
>
  <div
    className="main__hero"
  >
    <Hero
      imageUrl="hero.jpeg"
    />
  </div>
</div>
`;
