// Jest Snapshot v1, https://goo.gl/fbAQLP

exports[`<Error /> should render correctly 1`] = `
<div
  className="main"
>
  <div
    className="main__hero"
  >
    <Hero>
      <h1>
        Error 
        404
      </h1>
    </Hero>
  </div>
</div>
`;
