// Jest Snapshot v1, https://goo.gl/fbAQLP

exports[`<MaterialTypeWrapper /> should render correctly 1`] = `
<div
  className="main"
>
  <div
    className="main__container main__detail-content"
  >
    <div>
      MaterialType
    </div>
  </div>
</div>
`;
