// Jest Snapshot v1, https://goo.gl/fbAQLP

exports[`<Toolbar /> should render correctly 1`] = `
<div
  className="toolbar"
>
  <div
    className="toolbar__body"
  >
    <input
      id="toolbar-toggle"
      type="checkbox"
    />
    <label
      htmlFor="toolbar-toggle"
    >
      <div
        className="toolbar__title"
      >
        <span>
          Toolbar
        </span>
        <i
          className="material-icons"
        >
          îŒ“
        </i>
      </div>
    </label>
    <div
      className="toolbar__dropdown"
    >
      <div>
        Tools
      </div>
    </div>
  </div>
</div>
`;
