// Jest Snapshot v1, https://goo.gl/fbAQLP

exports[`<Footer /> should render footer content 1`] = `
<div
  className="footer"
/>
`;
